Archive member included to satisfy reference by file (symbol)

c:/st/stm32cubeide_1.3.0/stm32cubeide/plugins/com.st.stm32cube.ide.mcu.externaltools.gnu-tools-for-stm32.7-2018-q2-update.win32_1.4.0.202007081208/tools/bin/../lib/gcc/arm-none-eabi/7.3.1/../../../../arm-none-eabi/lib/thumb/v7e-m/fpv4-sp/hard\libc_nano.a(lib_a-errno.o)
                              Core/Src/syscalls.o (__errno)
c:/st/stm32cubeide_1.3.0/stm32cubeide/plugins/com.st.stm32cube.ide.mcu.externaltools.gnu-tools-for-stm32.7-2018-q2-update.win32_1.4.0.202007081208/tools/bin/../lib/gcc/arm-none-eabi/7.3.1/../../../../arm-none-eabi/lib/thumb/v7e-m/fpv4-sp/hard\libc_nano.a(lib_a-exit.o)
                              c:/st/stm32cubeide_1.3.0/stm32cubeide/plugins/com.st.stm32cube.ide.mcu.externaltools.gnu-tools-for-stm32.7-2018-q2-update.win32_1.4.0.202007081208/tools/bin/../lib/gcc/arm-none-eabi/7.3.1/../../../../arm-none-eabi/lib/thumb/v7e-m/fpv4-sp/hard/crt0.o (exit)
c:/st/stm32cubeide_1.3.0/stm32cubeide/plugins/com.st.stm32cube.ide.mcu.externaltools.gnu-tools-for-stm32.7-2018-q2-update.win32_1.4.0.202007081208/tools/bin/../lib/gcc/arm-none-eabi/7.3.1/../../../../arm-none-eabi/lib/thumb/v7e-m/fpv4-sp/hard\libc_nano.a(lib_a-impure.o)
                              c:/st/stm32cubeide_1.3.0/stm32cubeide/plugins/com.st.stm32cube.ide.mcu.externaltools.gnu-tools-for-stm32.7-2018-q2-update.win32_1.4.0.202007081208/tools/bin/../lib/gcc/arm-none-eabi/7.3.1/../../../../arm-none-eabi/lib/thumb/v7e-m/fpv4-sp/hard\libc_nano.a(lib_a-exit.o) (_global_impure_ptr)
c:/st/stm32cubeide_1.3.0/stm32cubeide/plugins/com.st.stm32cube.ide.mcu.externaltools.gnu-tools-for-stm32.7-2018-q2-update.win32_1.4.0.202007081208/tools/bin/../lib/gcc/arm-none-eabi/7.3.1/../../../../arm-none-eabi/lib/thumb/v7e-m/fpv4-sp/hard\libc_nano.a(lib_a-init.o)
                              c:/st/stm32cubeide_1.3.0/stm32cubeide/plugins/com.st.stm32cube.ide.mcu.externaltools.gnu-tools-for-stm32.7-2018-q2-update.win32_1.4.0.202007081208/tools/bin/../lib/gcc/arm-none-eabi/7.3.1/../../../../arm-none-eabi/lib/thumb/v7e-m/fpv4-sp/hard/crt0.o (__libc_init_array)
c:/st/stm32cubeide_1.3.0/stm32cubeide/plugins/com.st.stm32cube.ide.mcu.externaltools.gnu-tools-for-stm32.7-2018-q2-update.win32_1.4.0.202007081208/tools/bin/../lib/gcc/arm-none-eabi/7.3.1/../../../../arm-none-eabi/lib/thumb/v7e-m/fpv4-sp/hard\libc_nano.a(lib_a-memset.o)
                              c:/st/stm32cubeide_1.3.0/stm32cubeide/plugins/com.st.stm32cube.ide.mcu.externaltools.gnu-tools-for-stm32.7-2018-q2-update.win32_1.4.0.202007081208/tools/bin/../lib/gcc/arm-none-eabi/7.3.1/../../../../arm-none-eabi/lib/thumb/v7e-m/fpv4-sp/hard/crt0.o (memset)

Discarded input sections

 .text          0x0000000000000000        0x0 c:/st/stm32cubeide_1.3.0/stm32cubeide/plugins/com.st.stm32cube.ide.mcu.externaltools.gnu-tools-for-stm32.7-2018-q2-update.win32_1.4.0.202007081208/tools/bin/../lib/gcc/arm-none-eabi/7.3.1/thumb/v7e-m/fpv4-sp/hard/crti.o
 .data          0x0000000000000000        0x0 c:/st/stm32cubeide_1.3.0/stm32cubeide/plugins/com.st.stm32cube.ide.mcu.externaltools.gnu-tools-for-stm32.7-2018-q2-update.win32_1.4.0.202007081208/tools/bin/../lib/gcc/arm-none-eabi/7.3.1/thumb/v7e-m/fpv4-sp/hard/crti.o
 .bss           0x0000000000000000        0x0 c:/st/stm32cubeide_1.3.0/stm32cubeide/plugins/com.st.stm32cube.ide.mcu.externaltools.gnu-tools-for-stm32.7-2018-q2-update.win32_1.4.0.202007081208/tools/bin/../lib/gcc/arm-none-eabi/7.3.1/thumb/v7e-m/fpv4-sp/hard/crti.o
 .data          0x0000000000000000        0x4 c:/st/stm32cubeide_1.3.0/stm32cubeide/plugins/com.st.stm32cube.ide.mcu.externaltools.gnu-tools-for-stm32.7-2018-q2-update.win32_1.4.0.202007081208/tools/bin/../lib/gcc/arm-none-eabi/7.3.1/thumb/v7e-m/fpv4-sp/hard/crtbegin.o
 .text          0x0000000000000000       0x74 c:/st/stm32cubeide_1.3.0/stm32cubeide/plugins/com.st.stm32cube.ide.mcu.externaltools.gnu-tools-for-stm32.7-2018-q2-update.win32_1.4.0.202007081208/tools/bin/../lib/gcc/arm-none-eabi/7.3.1/../../../../arm-none-eabi/lib/thumb/v7e-m/fpv4-sp/hard/crt0.o
 .data          0x0000000000000000        0x0 c:/st/stm32cubeide_1.3.0/stm32cubeide/plugins/com.st.stm32cube.ide.mcu.externaltools.gnu-tools-for-stm32.7-2018-q2-update.win32_1.4.0.202007081208/tools/bin/../lib/gcc/arm-none-eabi/7.3.1/../../../../arm-none-eabi/lib/thumb/v7e-m/fpv4-sp/hard/crt0.o
 .bss           0x0000000000000000        0x0 c:/st/stm32cubeide_1.3.0/stm32cubeide/plugins/com.st.stm32cube.ide.mcu.externaltools.gnu-tools-for-stm32.7-2018-q2-update.win32_1.4.0.202007081208/tools/bin/../lib/gcc/arm-none-eabi/7.3.1/../../../../arm-none-eabi/lib/thumb/v7e-m/fpv4-sp/hard/crt0.o
 .ARM.extab     0x0000000000000000        0x0 c:/st/stm32cubeide_1.3.0/stm32cubeide/plugins/com.st.stm32cube.ide.mcu.externaltools.gnu-tools-for-stm32.7-2018-q2-update.win32_1.4.0.202007081208/tools/bin/../lib/gcc/arm-none-eabi/7.3.1/../../../../arm-none-eabi/lib/thumb/v7e-m/fpv4-sp/hard/crt0.o
[...]
Memory Configuration

Name             Origin             Length             Attributes
CCMRAM           0x0000000010000000 0x0000000000001000 xrw
RAM              0x0000000020000000 0x0000000000003000 xrw
FLASH            0x0000000008000000 0x0000000000010000 xr
*default*        0x0000000000000000 0xffffffffffffffff

Linker script and memory map

LOAD c:/st/stm32cubeide_1.3.0/stm32cubeide/plugins/com.st.stm32cube.ide.mcu.externaltools.gnu-tools-for-stm32.7-2018-q2-update.win32_1.4.0.202007081208/tools/bin/../lib/gcc/arm-none-eabi/7.3.1/thumb/v7e-m/fpv4-sp/hard/crti.o
LOAD c:/st/stm32cubeide_1.3.0/stm32cubeide/plugins/com.st.stm32cube.ide.mcu.externaltools.gnu-tools-for-stm32.7-2018-q2-update.win32_1.4.0.202007081208/tools/bin/../lib/gcc/arm-none-eabi/7.3.1/thumb/v7e-m/fpv4-sp/hard/crtbegin.o
LOAD c:/st/stm32cubeide_1.3.0/stm32cubeide/plugins/com.st.stm32cube.ide.mcu.externaltools.gnu-tools-for-stm32.7-2018-q2-update.win32_1.4.0.202007081208/tools/bin/../lib/gcc/arm-none-eabi/7.3.1/../../../../arm-none-eabi/lib/thumb/v7e-m/fpv4-sp/hard/crt0.o
LOAD Core/Src/main.o
LOAD Core/Src/stm32f3xx_it.o
LOAD Core/Src/syscalls.o
LOAD Core/Src/sysmem.o
LOAD Core/Src/system_stm32f3xx.o
LOAD Core/Startup/startup_stm32f303k8tx.o
LOAD Drivers/STM32F3xx_HAL_Driver/Src/stm32f3xx_ll_dma.o
LOAD Drivers/STM32F3xx_HAL_Driver/Src/stm32f3xx_ll_exti.o
LOAD Drivers/STM32F3xx_HAL_Driver/Src/stm32f3xx_ll_gpio.o
LOAD Drivers/STM32F3xx_HAL_Driver/Src/stm32f3xx_ll_rcc.o
LOAD Drivers/STM32F3xx_HAL_Driver/Src/stm32f3xx_ll_usart.o
LOAD Drivers/STM32F3xx_HAL_Driver/Src/stm32f3xx_ll_utils.o
START GROUP
LOAD c:/st/stm32cubeide_1.3.0/stm32cubeide/plugins/com.st.stm32cube.ide.mcu.externaltools.gnu-tools-for-stm32.7-2018-q2-update.win32_1.4.0.202007081208/tools/bin/../lib/gcc/arm-none-eabi/7.3.1/../../../../arm-none-eabi/lib/thumb/v7e-m/fpv4-sp/hard\libc_nano.a
LOAD c:/st/stm32cubeide_1.3.0/stm32cubeide/plugins/com.st.stm32cube.ide.mcu.externaltools.gnu-tools-for-stm32.7-2018-q2-update.win32_1.4.0.202007081208/tools/bin/../lib/gcc/arm-none-eabi/7.3.1/../../../../arm-none-eabi/lib/thumb/v7e-m/fpv4-sp/hard\libm.a
END GROUP
START GROUP
LOAD c:/st/stm32cubeide_1.3.0/stm32cubeide/plugins/com.st.stm32cube.ide.mcu.externaltools.gnu-tools-for-stm32.7-2018-q2-update.win32_1.4.0.202007081208/tools/bin/../lib/gcc/arm-none-eabi/7.3.1/thumb/v7e-m/fpv4-sp/hard\libgcc.a
LOAD c:/st/stm32cubeide_1.3.0/stm32cubeide/plugins/com.st.stm32cube.ide.mcu.externaltools.gnu-tools-for-stm32.7-2018-q2-update.win32_1.4.0.202007081208/tools/bin/../lib/gcc/arm-none-eabi/7.3.1/../../../../arm-none-eabi/lib/thumb/v7e-m/fpv4-sp/hard\libc_nano.a
END GROUP
START GROUP
LOAD c:/st/stm32cubeide_1.3.0/stm32cubeide/plugins/com.st.stm32cube.ide.mcu.externaltools.gnu-tools-for-stm32.7-2018-q2-update.win32_1.4.0.202007081208/tools/bin/../lib/gcc/arm-none-eabi/7.3.1/thumb/v7e-m/fpv4-sp/hard\libgcc.a
LOAD c:/st/stm32cubeide_1.3.0/stm32cubeide/plugins/com.st.stm32cube.ide.mcu.externaltools.gnu-tools-for-stm32.7-2018-q2-update.win32_1.4.0.202007081208/tools/bin/../lib/gcc/arm-none-eabi/7.3.1/../../../../arm-none-eabi/lib/thumb/v7e-m/fpv4-sp/hard\libc_nano.a
LOAD c:/st/stm32cubeide_1.3.0/stm32cubeide/plugins/com.st.stm32cube.ide.mcu.externaltools.gnu-tools-for-stm32.7-2018-q2-update.win32_1.4.0.202007081208/tools/bin/../lib/gcc/arm-none-eabi/7.3.1/../../../../arm-none-eabi/lib/thumb/v7e-m/fpv4-sp/hard\libnosys.a
END GROUP
START GROUP
LOAD c:/st/stm32cubeide_1.3.0/stm32cubeide/plugins/com.st.stm32cube.ide.mcu.externaltools.gnu-tools-for-stm32.7-2018-q2-update.win32_1.4.0.202007081208/tools/bin/../lib/gcc/arm-none-eabi/7.3.1/thumb/v7e-m/fpv4-sp/hard\libgcc.a
LOAD c:/st/stm32cubeide_1.3.0/stm32cubeide/plugins/com.st.stm32cube.ide.mcu.externaltools.gnu-tools-for-stm32.7-2018-q2-update.win32_1.4.0.202007081208/tools/bin/../lib/gcc/arm-none-eabi/7.3.1/../../../../arm-none-eabi/lib/thumb/v7e-m/fpv4-sp/hard\libc_nano.a
LOAD c:/st/stm32cubeide_1.3.0/stm32cubeide/plugins/com.st.stm32cube.ide.mcu.externaltools.gnu-tools-for-stm32.7-2018-q2-update.win32_1.4.0.202007081208/tools/bin/../lib/gcc/arm-none-eabi/7.3.1/../../../../arm-none-eabi/lib/thumb/v7e-m/fpv4-sp/hard\libnosys.a
END GROUP
LOAD c:/st/stm32cubeide_1.3.0/stm32cubeide/plugins/com.st.stm32cube.ide.mcu.externaltools.gnu-tools-for-stm32.7-2018-q2-update.win32_1.4.0.202007081208/tools/bin/../lib/gcc/arm-none-eabi/7.3.1/thumb/v7e-m/fpv4-sp/hard/crtend.o
LOAD c:/st/stm32cubeide_1.3.0/stm32cubeide/plugins/com.st.stm32cube.ide.mcu.externaltools.gnu-tools-for-stm32.7-2018-q2-update.win32_1.4.0.202007081208/tools/bin/../lib/gcc/arm-none-eabi/7.3.1/thumb/v7e-m/fpv4-sp/hard/crtn.o
                0x0000000020003000                _estack = (ORIGIN (RAM) + LENGTH (RAM))
                0x0000000000000200                _Min_Heap_Size = 0x200
                0x0000000000000400                _Min_Stack_Size = 0x400

.isr_vector     0x0000000008000000      0x188
                0x0000000008000000                . = ALIGN (0x4)
 *(.isr_vector)
 .isr_vector    0x0000000008000000      0x188 Core/Startup/startup_stm32f303k8tx.o
                0x0000000008000000                g_pfnVectors
                0x0000000008000188                . = ALIGN (0x4)

.text           0x0000000008000188     0x134c
                0x0000000008000188                . = ALIGN (0x4)
 *(.text)
 .text          0x0000000008000188       0x40 c:/st/stm32cubeide_1.3.0/stm32cubeide/plugins/com.st.stm32cube.ide.mcu.externaltools.gnu-tools-for-stm32.7-2018-q2-update.win32_1.4.0.202007081208/tools/bin/../lib/gcc/arm-none-eabi/7.3.1/thumb/v7e-m/fpv4-sp/hard/crtbegin.o
 *(.text*)
 .text.__NVIC_SetPriorityGrouping
                0x00000000080001c8       0x48 Core/Src/main.o
 .text.__NVIC_GetPriorityGrouping
                0x0000000008000210       0x1c Core/Src/main.o
 .text.__NVIC_EnableIRQ
                0x000000000800022c       0x3c Core/Src/main.o
 .text.__NVIC_SetPriority
                0x0000000008000268       0x54 Core/Src/main.o
 .text.NVIC_EncodePriority
                0x00000000080002bc       0x66 Core/Src/main.o
 *fill*         0x0000000008000322        0x2 
 .text.LL_RCC_HSI_Enable
                0x0000000008000324       0x20 Core/Src/main.o
 .text.LL_RCC_HSI_IsReady
                0x0000000008000344       0x24 Core/Src/main.o
 .text.LL_RCC_HSI_SetCalibTrimming
                0x0000000008000368       0x2c Core/Src/main.o
 .text.LL_RCC_SetSysClkSource
                0x0000000008000394       0x28 Core/Src/main.o
 .text.LL_RCC_GetSysClkSource
                0x00000000080003bc       0x1c Core/Src/main.o
 .text.LL_RCC_SetAHBPrescaler
                0x00000000080003d8       0x28 Core/Src/main.o
 .text.LL_RCC_SetAPB1Prescaler
                0x0000000008000400       0x28 Core/Src/main.o
 .text.LL_RCC_SetAPB2Prescaler
                0x0000000008000428       0x28 Core/Src/main.o
 .text.LL_AHB1_GRP1_EnableClock
                0x0000000008000450       0x30 Core/Src/main.o
 .text.LL_APB1_GRP1_EnableClock
                0x0000000008000480       0x30 Core/Src/main.o
 .text.LL_APB2_GRP1_EnableClock
                0x00000000080004b0       0x30 Core/Src/main.o
 .text.LL_FLASH_SetLatency
                0x00000000080004e0       0x28 Core/Src/main.o
 .text.LL_FLASH_GetLatency
                0x0000000008000508       0x1c Core/Src/main.o
 .text.LL_USART_Enable
                0x0000000008000524       0x20 Core/Src/main.o
 .text.LL_USART_ConfigAsyncMode
                0x0000000008000544       0x2c Core/Src/main.o
 .text.LL_USART_EnableIT_RXNE
                0x0000000008000570       0x20 Core/Src/main.o
 .text.LL_USART_EnableIT_TXE
                0x0000000008000590       0x20 Core/Src/main.o
 .text.LL_USART_DisableIT_CTS
                0x00000000080005b0       0x20 Core/Src/main.o
 .text.LL_GPIO_ResetOutputPin
                0x00000000080005d0       0x1c Core/Src/main.o
 .text.main     0x00000000080005ec       0x54 Core/Src/main.o
                0x00000000080005ec                main
 .text.SystemClock_Config
                0x0000000008000640       0x64 Core/Src/main.o
                0x0000000008000640                SystemClock_Config
 .text.MX_USART2_UART_Init
                0x00000000080006a4       0xc8 Core/Src/main.o
 .text.MX_GPIO_Init
                0x000000000800076c       0x60 Core/Src/main.o
 .text.inic_100ms_timer
                0x00000000080007cc       0x7c Core/Src/main.o
                0x00000000080007cc                inic_100ms_timer
 .text.my_strcpy
                0x0000000008000848       0x4a Core/Src/main.o
                0x0000000008000848                my_strcpy
 *fill*         0x0000000008000892        0x2 
 .text.TIM2_IRQHandler
                0x0000000008000894       0xdc Core/Src/main.o
                0x0000000008000894                TIM2_IRQHandler
 .text.LL_USART_DisableIT_TXE
                0x0000000008000970       0x20 Core/Src/stm32f3xx_it.o
 .text.LL_GPIO_SetOutputPin
                0x0000000008000990       0x1c Core/Src/stm32f3xx_it.o
 .text.LL_GPIO_ResetOutputPin
                0x00000000080009ac       0x1c Core/Src/stm32f3xx_it.o
 .text.NMI_Handler
                0x00000000080009c8        0xe Core/Src/stm32f3xx_it.o
                0x00000000080009c8                NMI_Handler
 .text.HardFault_Handler
                0x00000000080009d6        0x6 Core/Src/stm32f3xx_it.o
                0x00000000080009d6                HardFault_Handler
 .text.MemManage_Handler
                0x00000000080009dc        0x6 Core/Src/stm32f3xx_it.o
                0x00000000080009dc                MemManage_Handler
 .text.BusFault_Handler
                0x00000000080009e2        0x6 Core/Src/stm32f3xx_it.o
                0x00000000080009e2                BusFault_Handler
 .text.UsageFault_Handler
                0x00000000080009e8        0x6 Core/Src/stm32f3xx_it.o
                0x00000000080009e8                UsageFault_Handler
 .text.SVC_Handler
                0x00000000080009ee        0xe Core/Src/stm32f3xx_it.o
                0x00000000080009ee                SVC_Handler
 .text.DebugMon_Handler
                0x00000000080009fc        0xe Core/Src/stm32f3xx_it.o
                0x00000000080009fc                DebugMon_Handler
 .text.PendSV_Handler
                0x0000000008000a0a        0xe Core/Src/stm32f3xx_it.o
                0x0000000008000a0a                PendSV_Handler
 .text.SysTick_Handler
                0x0000000008000a18        0xe Core/Src/stm32f3xx_it.o
                0x0000000008000a18                SysTick_Handler
 *fill*         0x0000000008000a26        0x2 
 .text.USART2_IRQHandler
                0x0000000008000a28      0x184 Core/Src/stm32f3xx_it.o
                0x0000000008000a28                USART2_IRQHandler
 .text.SystemInit
                0x0000000008000bac       0x2c Core/Src/system_stm32f3xx.o
                0x0000000008000bac                SystemInit
 .text.Reset_Handler
                0x0000000008000bd8       0x50 Core/Startup/startup_stm32f303k8tx.o
                0x0000000008000bd8                Reset_Handler
 .text.Default_Handler
                0x0000000008000c28        0x2 Core/Startup/startup_stm32f303k8tx.o
                0x0000000008000c28                RTC_Alarm_IRQHandler
                0x0000000008000c28                TIM1_CC_IRQHandler
                0x0000000008000c28                PVD_IRQHandler
                0x0000000008000c28                TAMP_STAMP_IRQHandler
                0x0000000008000c28                EXTI3_IRQHandler
                0x0000000008000c28                EXTI0_IRQHandler
                0x0000000008000c28                FPU_IRQHandler
                0x0000000008000c28                CAN_TX_IRQHandler
                0x0000000008000c28                TIM1_UP_TIM16_IRQHandler
                0x0000000008000c28                ADC1_2_IRQHandler
                0x0000000008000c28                SPI1_IRQHandler
                0x0000000008000c28                CAN_SCE_IRQHandler
                0x0000000008000c28                DMA1_Channel4_IRQHandler
                0x0000000008000c28                USART3_IRQHandler
                0x0000000008000c28                DMA1_Channel7_IRQHandler
                0x0000000008000c28                TIM7_DAC2_IRQHandler
                0x0000000008000c28                CAN_RX1_IRQHandler
                0x0000000008000c28                I2C1_EV_IRQHandler
                0x0000000008000c28                DMA1_Channel6_IRQHandler
                0x0000000008000c28                TIM3_IRQHandler
                0x0000000008000c28                RCC_IRQHandler
                0x0000000008000c28                DMA1_Channel1_IRQHandler
                0x0000000008000c28                Default_Handler
                0x0000000008000c28                EXTI15_10_IRQHandler
                0x0000000008000c28                COMP2_IRQHandler
                0x0000000008000c28                TIM6_DAC1_IRQHandler
                0x0000000008000c28                EXTI9_5_IRQHandler
                0x0000000008000c28                RTC_WKUP_IRQHandler
                0x0000000008000c28                DMA1_Channel5_IRQHandler
                0x0000000008000c28                EXTI4_IRQHandler
                0x0000000008000c28                TIM1_TRG_COM_TIM17_IRQHandler
                0x0000000008000c28                DMA1_Channel3_IRQHandler
                0x0000000008000c28                WWDG_IRQHandler
                0x0000000008000c28                EXTI1_IRQHandler
                0x0000000008000c28                COMP4_6_IRQHandler
                0x0000000008000c28                DMA1_Channel2_IRQHandler
                0x0000000008000c28                FLASH_IRQHandler
                0x0000000008000c28                USART1_IRQHandler
                0x0000000008000c28                CAN_RX0_IRQHandler
                0x0000000008000c28                I2C1_ER_IRQHandler
                0x0000000008000c28                EXTI2_TSC_IRQHandler
                0x0000000008000c28                TIM1_BRK_TIM15_IRQHandler
 .text.LL_GPIO_SetPinMode
                0x0000000008000c2a       0x5e Drivers/STM32F3xx_HAL_Driver/Src/stm32f3xx_ll_gpio.o
 .text.LL_GPIO_SetPinOutputType
                0x0000000008000c88       0x30 Drivers/STM32F3xx_HAL_Driver/Src/stm32f3xx_ll_gpio.o
 .text.LL_GPIO_SetPinSpeed
                0x0000000008000cb8       0x5e Drivers/STM32F3xx_HAL_Driver/Src/stm32f3xx_ll_gpio.o
 .text.LL_GPIO_SetPinPull
                0x0000000008000d16       0x5e Drivers/STM32F3xx_HAL_Driver/Src/stm32f3xx_ll_gpio.o
 .text.LL_GPIO_SetAFPin_0_7
                0x0000000008000d74       0x5e Drivers/STM32F3xx_HAL_Driver/Src/stm32f3xx_ll_gpio.o
 .text.LL_GPIO_SetAFPin_8_15
                0x0000000008000dd2       0x62 Drivers/STM32F3xx_HAL_Driver/Src/stm32f3xx_ll_gpio.o
 .text.LL_GPIO_Init
                0x0000000008000e34       0xe0 Drivers/STM32F3xx_HAL_Driver/Src/stm32f3xx_ll_gpio.o
                0x0000000008000e34                LL_GPIO_Init
 .text.LL_RCC_HSI_IsReady
                0x0000000008000f14       0x24 Drivers/STM32F3xx_HAL_Driver/Src/stm32f3xx_ll_rcc.o
 .text.LL_RCC_LSE_IsReady
                0x0000000008000f38       0x24 Drivers/STM32F3xx_HAL_Driver/Src/stm32f3xx_ll_rcc.o
 .text.LL_RCC_GetSysClkSource
                0x0000000008000f5c       0x1c Drivers/STM32F3xx_HAL_Driver/Src/stm32f3xx_ll_rcc.o
 .text.LL_RCC_GetAHBPrescaler
                0x0000000008000f78       0x1c Drivers/STM32F3xx_HAL_Driver/Src/stm32f3xx_ll_rcc.o
 .text.LL_RCC_GetAPB1Prescaler
                0x0000000008000f94       0x1c Drivers/STM32F3xx_HAL_Driver/Src/stm32f3xx_ll_rcc.o
 .text.LL_RCC_GetAPB2Prescaler
                0x0000000008000fb0       0x1c Drivers/STM32F3xx_HAL_Driver/Src/stm32f3xx_ll_rcc.o
 .text.LL_RCC_GetUSARTClockSource
                0x0000000008000fcc       0x2c Drivers/STM32F3xx_HAL_Driver/Src/stm32f3xx_ll_rcc.o
 .text.LL_RCC_PLL_GetMainSource
                0x0000000008000ff8       0x1c Drivers/STM32F3xx_HAL_Driver/Src/stm32f3xx_ll_rcc.o
 .text.LL_RCC_PLL_GetMultiplicator
                0x0000000008001014       0x1c Drivers/STM32F3xx_HAL_Driver/Src/stm32f3xx_ll_rcc.o
 .text.LL_RCC_PLL_GetPrediv
                0x0000000008001030       0x1c Drivers/STM32F3xx_HAL_Driver/Src/stm32f3xx_ll_rcc.o
 .text.LL_RCC_GetSystemClocksFreq
                0x000000000800104c       0x4a Drivers/STM32F3xx_HAL_Driver/Src/stm32f3xx_ll_rcc.o
                0x000000000800104c                LL_RCC_GetSystemClocksFreq
 *fill*         0x0000000008001096        0x2 
 .text.LL_RCC_GetUSARTClockFreq
                0x0000000008001098       0x80 Drivers/STM32F3xx_HAL_Driver/Src/stm32f3xx_ll_rcc.o
                0x0000000008001098                LL_RCC_GetUSARTClockFreq
 .text.RCC_GetSystemClockFreq
                0x0000000008001118       0x44 Drivers/STM32F3xx_HAL_Driver/Src/stm32f3xx_ll_rcc.o
                0x0000000008001118                RCC_GetSystemClockFreq
 .text.RCC_GetHCLKClockFreq
                0x000000000800115c       0x2c Drivers/STM32F3xx_HAL_Driver/Src/stm32f3xx_ll_rcc.o
                0x000000000800115c                RCC_GetHCLKClockFreq
 .text.RCC_GetPCLK1ClockFreq
                0x0000000008001188       0x28 Drivers/STM32F3xx_HAL_Driver/Src/stm32f3xx_ll_rcc.o
                0x0000000008001188                RCC_GetPCLK1ClockFreq
 .text.RCC_GetPCLK2ClockFreq
                0x00000000080011b0       0x28 Drivers/STM32F3xx_HAL_Driver/Src/stm32f3xx_ll_rcc.o
                0x00000000080011b0                RCC_GetPCLK2ClockFreq
 .text.RCC_PLL_GetFreqDomain_SYS
                0x00000000080011d8       0x7c Drivers/STM32F3xx_HAL_Driver/Src/stm32f3xx_ll_rcc.o
                0x00000000080011d8                RCC_PLL_GetFreqDomain_SYS
 .text.LL_USART_IsEnabled
                0x0000000008001254       0x26 Drivers/STM32F3xx_HAL_Driver/Src/stm32f3xx_ll_usart.o
 .text.LL_USART_SetStopBitsLength
                0x000000000800127a       0x26 Drivers/STM32F3xx_HAL_Driver/Src/stm32f3xx_ll_usart.o
 .text.LL_USART_SetHWFlowCtrl
                0x00000000080012a0       0x26 Drivers/STM32F3xx_HAL_Driver/Src/stm32f3xx_ll_usart.o
 .text.LL_USART_SetBaudRate
                0x00000000080012c6       0x64 Drivers/STM32F3xx_HAL_Driver/Src/stm32f3xx_ll_usart.o
 *fill*         0x000000000800132a        0x2 
 .text.LL_USART_Init
                0x000000000800132c       0xd8 Drivers/STM32F3xx_HAL_Driver/Src/stm32f3xx_ll_usart.o
                0x000000000800132c                LL_USART_Init
 .text.LL_InitTick
                0x0000000008001404       0x34 Drivers/STM32F3xx_HAL_Driver/Src/stm32f3xx_ll_utils.o
 .text.LL_Init1msTick
                0x0000000008001438       0x1a Drivers/STM32F3xx_HAL_Driver/Src/stm32f3xx_ll_utils.o
                0x0000000008001438                LL_Init1msTick
 *fill*         0x0000000008001452        0x2 
 .text.LL_SetSystemCoreClock
                0x0000000008001454       0x20 Drivers/STM32F3xx_HAL_Driver/Src/stm32f3xx_ll_utils.o
                0x0000000008001454                LL_SetSystemCoreClock
 .text.__libc_init_array
                0x0000000008001474       0x48 c:/st/stm32cubeide_1.3.0/stm32cubeide/plugins/com.st.stm32cube.ide.mcu.externaltools.gnu-tools-for-stm32.7-2018-q2-update.win32_1.4.0.202007081208/tools/bin/../lib/gcc/arm-none-eabi/7.3.1/../../../../arm-none-eabi/lib/thumb/v7e-m/fpv4-sp/hard\libc_nano.a(lib_a-init.o)
                0x0000000008001474                __libc_init_array
 *(.glue_7)
 .glue_7        0x00000000080014bc        0x0 linker stubs
 *(.glue_7t)
 .glue_7t       0x00000000080014bc        0x0 linker stubs
 *(.eh_frame)
 .eh_frame      0x00000000080014bc        0x0 c:/st/stm32cubeide_1.3.0/stm32cubeide/plugins/com.st.stm32cube.ide.mcu.externaltools.gnu-tools-for-stm32.7-2018-q2-update.win32_1.4.0.202007081208/tools/bin/../lib/gcc/arm-none-eabi/7.3.1/thumb/v7e-m/fpv4-sp/hard/crtbegin.o
 *(.init)
 .init          0x00000000080014bc        0x4 c:/st/stm32cubeide_1.3.0/stm32cubeide/plugins/com.st.stm32cube.ide.mcu.externaltools.gnu-tools-for-stm32.7-2018-q2-update.win32_1.4.0.202007081208/tools/bin/../lib/gcc/arm-none-eabi/7.3.1/thumb/v7e-m/fpv4-sp/hard/crti.o
                0x00000000080014bc                _init
 .init          0x00000000080014c0        0x8 c:/st/stm32cubeide_1.3.0/stm32cubeide/plugins/com.st.stm32cube.ide.mcu.externaltools.gnu-tools-for-stm32.7-2018-q2-update.win32_1.4.0.202007081208/tools/bin/../lib/gcc/arm-none-eabi/7.3.1/thumb/v7e-m/fpv4-sp/hard/crtn.o
 *(.fini)
 .fini          0x00000000080014c8        0x4 c:/st/stm32cubeide_1.3.0/stm32cubeide/plugins/com.st.stm32cube.ide.mcu.externaltools.gnu-tools-for-stm32.7-2018-q2-update.win32_1.4.0.202007081208/tools/bin/../lib/gcc/arm-none-eabi/7.3.1/thumb/v7e-m/fpv4-sp/hard/crti.o
                0x00000000080014c8                _fini
 .fini          0x00000000080014cc        0x8 c:/st/stm32cubeide_1.3.0/stm32cubeide/plugins/com.st.stm32cube.ide.mcu.externaltools.gnu-tools-for-stm32.7-2018-q2-update.win32_1.4.0.202007081208/tools/bin/../lib/gcc/arm-none-eabi/7.3.1/thumb/v7e-m/fpv4-sp/hard/crtn.o
                0x00000000080014d4                . = ALIGN (0x4)
                0x00000000080014d4                _etext = .

.vfp11_veneer   0x00000000080014d4        0x0
 .vfp11_veneer  0x00000000080014d4        0x0 linker stubs

.v4_bx          0x00000000080014d4        0x0
 .v4_bx         0x00000000080014d4        0x0 linker stubs

.iplt           0x00000000080014d4        0x0
 .iplt          0x00000000080014d4        0x0 c:/st/stm32cubeide_1.3.0/stm32cubeide/plugins/com.st.stm32cube.ide.mcu.externaltools.gnu-tools-for-stm32.7-2018-q2-update.win32_1.4.0.202007081208/tools/bin/../lib/gcc/arm-none-eabi/7.3.1/thumb/v7e-m/fpv4-sp/hard/crtbegin.o

.rodata         0x00000000080014d4       0x54
                0x00000000080014d4                . = ALIGN (0x4)
 *(.rodata)
 .rodata        0x00000000080014d4       0x2a Core/Src/main.o
 *(.rodata*)
 *fill*         0x00000000080014fe        0x2 
 .rodata.passwd_on
                0x0000000008001500        0x6 Core/Src/main.o
                0x0000000008001500                passwd_on
 *fill*         0x0000000008001506        0x2 
 .rodata.passwd_off
                0x0000000008001508        0x7 Core/Src/main.o
                0x0000000008001508                passwd_off
 *fill*         0x000000000800150f        0x1 
 .rodata.AHBPrescTable
                0x0000000008001510       0x10 Core/Src/system_stm32f3xx.o
                0x0000000008001510                AHBPrescTable
 .rodata.APBPrescTable
                0x0000000008001520        0x8 Core/Src/system_stm32f3xx.o
                0x0000000008001520                APBPrescTable
                0x0000000008001528                . = ALIGN (0x4)

.rel.dyn        0x0000000008001528        0x0
 .rel.iplt      0x0000000008001528        0x0 c:/st/stm32cubeide_1.3.0/stm32cubeide/plugins/com.st.stm32cube.ide.mcu.externaltools.gnu-tools-for-stm32.7-2018-q2-update.win32_1.4.0.202007081208/tools/bin/../lib/gcc/arm-none-eabi/7.3.1/thumb/v7e-m/fpv4-sp/hard/crtbegin.o

.ARM.extab      0x0000000008001528        0x0
                0x0000000008001528                . = ALIGN (0x4)
 *(.ARM.extab* .gnu.linkonce.armextab.*)
                0x0000000008001528                . = ALIGN (0x4)

.ARM            0x0000000008001528        0x0
                0x0000000008001528                . = ALIGN (0x4)
                0x0000000008001528                __exidx_start = .
 *(.ARM.exidx*)
                0x0000000008001528                __exidx_end = .
                0x0000000008001528                . = ALIGN (0x4)

.preinit_array  0x0000000008001528        0x0
                0x0000000008001528                . = ALIGN (0x4)
                0x0000000008001528                PROVIDE (__preinit_array_start = .)
 *(.preinit_array*)
                0x0000000008001528                PROVIDE (__preinit_array_end = .)
                0x0000000008001528                . = ALIGN (0x4)

.init_array     0x0000000008001528        0x4
                0x0000000008001528                . = ALIGN (0x4)
                0x0000000008001528                PROVIDE (__init_array_start = .)
 *(SORT_BY_NAME(.init_array.*))
 *(.init_array*)
 .init_array    0x0000000008001528        0x4 c:/st/stm32cubeide_1.3.0/stm32cubeide/plugins/com.st.stm32cube.ide.mcu.externaltools.gnu-tools-for-stm32.7-2018-q2-update.win32_1.4.0.202007081208/tools/bin/../lib/gcc/arm-none-eabi/7.3.1/thumb/v7e-m/fpv4-sp/hard/crtbegin.o
                0x000000000800152c                PROVIDE (__init_array_end = .)
                0x000000000800152c                . = ALIGN (0x4)

.fini_array     0x000000000800152c        0x4
                0x000000000800152c                . = ALIGN (0x4)
                [!provide]                        PROVIDE (__fini_array_start = .)
 *(SORT_BY_NAME(.fini_array.*))
 *(.fini_array*)
 .fini_array    0x000000000800152c        0x4 c:/st/stm32cubeide_1.3.0/stm32cubeide/plugins/com.st.stm32cube.ide.mcu.externaltools.gnu-tools-for-stm32.7-2018-q2-update.win32_1.4.0.202007081208/tools/bin/../lib/gcc/arm-none-eabi/7.3.1/thumb/v7e-m/fpv4-sp/hard/crtbegin.o
                [!provide]                        PROVIDE (__fini_array_end = .)
                0x0000000008001530                . = ALIGN (0x4)
                0x0000000008001530                _sidata = LOADADDR (.data)

.data           0x0000000020000000       0x10 load address 0x0000000008001530
                0x0000000020000000                . = ALIGN (0x4)
                0x0000000020000000                _sdata = .
 *(.data)
 *(.data*)
 .data.send_buff
                0x0000000020000000        0xb Core/Src/main.o
                0x0000000020000000                send_buff
 *fill*         0x000000002000000b        0x1 
 .data.SystemCoreClock
                0x000000002000000c        0x4 Core/Src/system_stm32f3xx.o
                0x000000002000000c                SystemCoreClock
                0x0000000020000010                . = ALIGN (0x4)
                0x0000000020000010                _edata = .

.igot.plt       0x0000000020000010        0x0 load address 0x0000000008001540
 .igot.plt      0x0000000020000010        0x0 c:/st/stm32cubeide_1.3.0/stm32cubeide/plugins/com.st.stm32cube.ide.mcu.externaltools.gnu-tools-for-stm32.7-2018-q2-update.win32_1.4.0.202007081208/tools/bin/../lib/gcc/arm-none-eabi/7.3.1/thumb/v7e-m/fpv4-sp/hard/crtbegin.o
                0x0000000020000010                . = ALIGN (0x4)

.bss            0x0000000020000010       0x28 load address 0x0000000008001540
                0x0000000020000010                _sbss = .
                0x0000000020000010                __bss_start__ = _sbss
 *(.bss)
 .bss           0x0000000020000010       0x1c c:/st/stm32cubeide_1.3.0/stm32cubeide/plugins/com.st.stm32cube.ide.mcu.externaltools.gnu-tools-for-stm32.7-2018-q2-update.win32_1.4.0.202007081208/tools/bin/../lib/gcc/arm-none-eabi/7.3.1/thumb/v7e-m/fpv4-sp/hard/crtbegin.o
 *(.bss*)
 .bss.milisecs  0x000000002000002c        0x2 Core/Src/main.o
                0x000000002000002c                milisecs
 .bss.secs      0x000000002000002e        0x2 Core/Src/main.o
                0x000000002000002e                secs
 .bss.mode      0x0000000020000030        0x1 Core/Src/main.o
                0x0000000020000030                mode
 .bss.readed_byte
                0x0000000020000031        0x1 Core/Src/main.o
                0x0000000020000031                readed_byte
 .bss.pass_passed_on_cnt
                0x0000000020000032        0x1 Core/Src/main.o
                0x0000000020000032                pass_passed_on_cnt
 .bss.pass_passed_off_cnt
                0x0000000020000033        0x1 Core/Src/main.o
                0x0000000020000033                pass_passed_off_cnt
 .bss.send_buff_sended
                0x0000000020000034        0x1 Core/Src/main.o
                0x0000000020000034                send_buff_sended
 .bss.send_buff_len
                0x0000000020000035        0x1 Core/Src/main.o
                0x0000000020000035                send_buff_len
 *(COMMON)
                0x0000000020000038                . = ALIGN (0x4)
 *fill*         0x0000000020000036        0x2 
                0x0000000020000038                _ebss = .
                0x0000000020000038                __bss_end__ = _ebss

._user_heap_stack
                0x0000000020000038      0x600 load address 0x0000000008001540
                0x0000000020000038                . = ALIGN (0x8)
                [!provide]                        PROVIDE (end = .)
                0x0000000020000038                PROVIDE (_end = .)
                0x0000000020000238                . = (. + _Min_Heap_Size)
 *fill*         0x0000000020000038      0x200 
                0x0000000020000638                . = (. + _Min_Stack_Size)
 *fill*         0x0000000020000238      0x400 
                0x0000000020000638                . = ALIGN (0x8)

/DISCARD/
 libc.a(*)
 libm.a(*)
 libgcc.a(*)

.ARM.attributes
                0x0000000000000000       0x30
 *(.ARM.attributes)
 .ARM.attributes
                0x0000000000000000       0x22 c:/st/stm32cubeide_1.3.0/stm32cubeide/plugins/com.st.stm32cube.ide.mcu.externaltools.gnu-tools-for-stm32.7-2018-q2-update.win32_1.4.0.202007081208/tools/bin/../lib/gcc/arm-none-eabi/7.3.1/thumb/v7e-m/fpv4-sp/hard/crti.o
 .ARM.attributes
                0x0000000000000022       0x34 c:/st/stm32cubeide_1.3.0/stm32cubeide/plugins/com.st.stm32cube.ide.mcu.externaltools.gnu-tools-for-stm32.7-2018-q2-update.win32_1.4.0.202007081208/tools/bin/../lib/gcc/arm-none-eabi/7.3.1/thumb/v7e-m/fpv4-sp/hard/crtbegin.o
 .ARM.attributes
                0x0000000000000056       0x39 Core/Src/main.o
 .ARM.attributes
                0x000000000000008f       0x39 Core/Src/stm32f3xx_it.o
 .ARM.attributes
                0x00000000000000c8       0x39 Core/Src/system_stm32f3xx.o
 .ARM.attributes
                0x0000000000000101       0x21 Core/Startup/startup_stm32f303k8tx.o
 .ARM.attributes
                0x0000000000000122       0x39 Drivers/STM32F3xx_HAL_Driver/Src/stm32f3xx_ll_gpio.o
 .ARM.attributes
                0x000000000000015b       0x39 Drivers/STM32F3xx_HAL_Driver/Src/stm32f3xx_ll_rcc.o
 .ARM.attributes
                0x0000000000000194       0x39 Drivers/STM32F3xx_HAL_Driver/Src/stm32f3xx_ll_usart.o
 .ARM.attributes
                0x00000000000001cd       0x39 Drivers/STM32F3xx_HAL_Driver/Src/stm32f3xx_ll_utils.o
 .ARM.attributes
                0x0000000000000206       0x34 c:/st/stm32cubeide_1.3.0/stm32cubeide/plugins/com.st.stm32cube.ide.mcu.externaltools.gnu-tools-for-stm32.7-2018-q2-update.win32_1.4.0.202007081208/tools/bin/../lib/gcc/arm-none-eabi/7.3.1/../../../../arm-none-eabi/lib/thumb/v7e-m/fpv4-sp/hard\libc_nano.a(lib_a-init.o)
 .ARM.attributes
                0x000000000000023a       0x22 c:/st/stm32cubeide_1.3.0/stm32cubeide/plugins/com.st.stm32cube.ide.mcu.externaltools.gnu-tools-for-stm32.7-2018-q2-update.win32_1.4.0.202007081208/tools/bin/../lib/gcc/arm-none-eabi/7.3.1/thumb/v7e-m/fpv4-sp/hard/crtn.o
OUTPUT(vrs_zad_6.elf elf32-littlearm)

.debug_info     0x0000000000000000     0x3699
 .debug_info    0x0000000000000000     0x102b Core/Src/main.o
 .debug_info    0x000000000000102b      0x494 Core/Src/stm32f3xx_it.o
 .debug_info    0x00000000000014bf      0x400 Core/Src/system_stm32f3xx.o
 .debug_info    0x00000000000018bf       0x22 Core/Startup/startup_stm32f303k8tx.o
 .debug_info    0x00000000000018e1      0x7e2 Drivers/STM32F3xx_HAL_Driver/Src/stm32f3xx_ll_gpio.o
 .debug_info    0x00000000000020c3      0x704 Drivers/STM32F3xx_HAL_Driver/Src/stm32f3xx_ll_rcc.o
 .debug_info    0x00000000000027c7      0x6bf Drivers/STM32F3xx_HAL_Driver/Src/stm32f3xx_ll_usart.o
 .debug_info    0x0000000000002e86      0x813 Drivers/STM32F3xx_HAL_Driver/Src/stm32f3xx_ll_utils.o

.debug_abbrev   0x0000000000000000      0xd6d
 .debug_abbrev  0x0000000000000000      0x296 Core/Src/main.o
 .debug_abbrev  0x0000000000000296      0x128 Core/Src/stm32f3xx_it.o
 .debug_abbrev  0x00000000000003be      0x111 Core/Src/system_stm32f3xx.o
 .debug_abbrev  0x00000000000004cf       0x12 Core/Startup/startup_stm32f303k8tx.o
 .debug_abbrev  0x00000000000004e1      0x212 Drivers/STM32F3xx_HAL_Driver/Src/stm32f3xx_ll_gpio.o
 .debug_abbrev  0x00000000000006f3      0x238 Drivers/STM32F3xx_HAL_Driver/Src/stm32f3xx_ll_rcc.o
 .debug_abbrev  0x000000000000092b      0x1b1 Drivers/STM32F3xx_HAL_Driver/Src/stm32f3xx_ll_usart.o
 .debug_abbrev  0x0000000000000adc      0x291 Drivers/STM32F3xx_HAL_Driver/Src/stm32f3xx_ll_utils.o

.debug_aranges  0x0000000000000000      0x4d0
 .debug_aranges
                0x0000000000000000      0x118 Core/Src/main.o
 .debug_aranges
                0x0000000000000118       0x80 Core/Src/stm32f3xx_it.o
 .debug_aranges
                0x0000000000000198       0x28 Core/Src/system_stm32f3xx.o
 .debug_aranges
                0x00000000000001c0       0x28 Core/Startup/startup_stm32f303k8tx.o
 .debug_aranges
                0x00000000000001e8       0x70 Drivers/STM32F3xx_HAL_Driver/Src/stm32f3xx_ll_gpio.o
 .debug_aranges
                0x0000000000000258      0x100 Drivers/STM32F3xx_HAL_Driver/Src/stm32f3xx_ll_rcc.o
 .debug_aranges
                0x0000000000000358       0x88 Drivers/STM32F3xx_HAL_Driver/Src/stm32f3xx_ll_usart.o
 .debug_aranges
                0x00000000000003e0       0xf0 Drivers/STM32F3xx_HAL_Driver/Src/stm32f3xx_ll_utils.o

.debug_ranges   0x0000000000000000      0x458
 .debug_ranges  0x0000000000000000      0x108 Core/Src/main.o
 .debug_ranges  0x0000000000000108       0x70 Core/Src/stm32f3xx_it.o
 .debug_ranges  0x0000000000000178       0x18 Core/Src/system_stm32f3xx.o
 .debug_ranges  0x0000000000000190       0x20 Core/Startup/startup_stm32f303k8tx.o
 .debug_ranges  0x00000000000001b0       0x60 Drivers/STM32F3xx_HAL_Driver/Src/stm32f3xx_ll_gpio.o
 .debug_ranges  0x0000000000000210       0xf0 Drivers/STM32F3xx_HAL_Driver/Src/stm32f3xx_ll_rcc.o
 .debug_ranges  0x0000000000000300       0x78 Drivers/STM32F3xx_HAL_Driver/Src/stm32f3xx_ll_usart.o
 .debug_ranges  0x0000000000000378       0xe0 Drivers/STM32F3xx_HAL_Driver/Src/stm32f3xx_ll_utils.o

.debug_macro    0x0000000000000000    0x14d5e
 .debug_macro   0x0000000000000000      0x144 Core/Src/main.o
 .debug_macro   0x0000000000000144      0xa90 Core/Src/main.o
 .debug_macro   0x0000000000000bd4       0x2e Core/Src/main.o
 .debug_macro   0x0000000000000c02       0x28 Core/Src/main.o
 .debug_macro   0x0000000000000c2a       0x22 Core/Src/main.o
 .debug_macro   0x0000000000000c4c       0x8e Core/Src/main.o
 .debug_macro   0x0000000000000cda       0x51 Core/Src/main.o
 .debug_macro   0x0000000000000d2b       0xef Core/Src/main.o
 .debug_macro   0x0000000000000e1a       0x6a Core/Src/main.o
 .debug_macro   0x0000000000000e84      0x1df Core/Src/main.o
 .debug_macro   0x0000000000001063       0x1c Core/Src/main.o
 .debug_macro   0x000000000000107f       0x22 Core/Src/main.o
 .debug_macro   0x00000000000010a1       0xdf Core/Src/main.o
 .debug_macro   0x0000000000001180      0xf07 Core/Src/main.o
 .debug_macro   0x0000000000002087    0x10bd9 Core/Src/main.o
 .debug_macro   0x0000000000012c60       0x43 Core/Src/main.o
 .debug_macro   0x0000000000012ca3      0x4bc Core/Src/main.o
 .debug_macro   0x000000000001315f       0xe1 Core/Src/main.o
 .debug_macro   0x0000000000013240      0x29f Core/Src/main.o
 .debug_macro   0x00000000000134df       0xfe Core/Src/main.o
 .debug_macro   0x00000000000135dd       0x28 Core/Src/main.o
 .debug_macro   0x0000000000013605       0x30 Core/Src/main.o
 .debug_macro   0x0000000000013635       0xa8 Core/Src/main.o
 .debug_macro   0x00000000000136dd      0x287 Core/Src/main.o
 .debug_macro   0x0000000000013964      0x2f7 Core/Src/main.o
 .debug_macro   0x0000000000013c5b      0x142 Core/Src/main.o
 .debug_macro   0x0000000000013d9d       0x6a Core/Src/main.o
 .debug_macro   0x0000000000013e07      0x148 Core/Src/stm32f3xx_it.o
 .debug_macro   0x0000000000013f4f       0xc3 Core/Src/system_stm32f3xx.o
 .debug_macro   0x0000000000014012       0xff Drivers/STM32F3xx_HAL_Driver/Src/stm32f3xx_ll_gpio.o
 .debug_macro   0x0000000000014111      0x13c Drivers/STM32F3xx_HAL_Driver/Src/stm32f3xx_ll_gpio.o
 .debug_macro   0x000000000001424d       0xf1 Drivers/STM32F3xx_HAL_Driver/Src/stm32f3xx_ll_rcc.o
 .debug_macro   0x000000000001433e      0x132 Drivers/STM32F3xx_HAL_Driver/Src/stm32f3xx_ll_usart.o
 .debug_macro   0x0000000000014470      0x2f1 Drivers/STM32F3xx_HAL_Driver/Src/stm32f3xx_ll_usart.o
 .debug_macro   0x0000000000014761      0x4c2 Drivers/STM32F3xx_HAL_Driver/Src/stm32f3xx_ll_usart.o
 .debug_macro   0x0000000000014c23      0x13b Drivers/STM32F3xx_HAL_Driver/Src/stm32f3xx_ll_utils.o

.debug_line     0x0000000000000000     0x2f2b
 .debug_line    0x0000000000000000      0x87b Core/Src/main.o
 .debug_line    0x000000000000087b      0x695 Core/Src/stm32f3xx_it.o
 .debug_line    0x0000000000000f10      0x47a Core/Src/system_stm32f3xx.o
 .debug_line    0x000000000000138a       0x85 Core/Startup/startup_stm32f303k8tx.o
 .debug_line    0x000000000000140f      0x661 Drivers/STM32F3xx_HAL_Driver/Src/stm32f3xx_ll_gpio.o
 .debug_line    0x0000000000001a70      0x73d Drivers/STM32F3xx_HAL_Driver/Src/stm32f3xx_ll_rcc.o
 .debug_line    0x00000000000021ad      0x622 Drivers/STM32F3xx_HAL_Driver/Src/stm32f3xx_ll_usart.o
 .debug_line    0x00000000000027cf      0x75c Drivers/STM32F3xx_HAL_Driver/Src/stm32f3xx_ll_utils.o

.debug_str      0x0000000000000000    0x6f4bb
 .debug_str     0x0000000000000000    0x6d238 Core/Src/main.o
                                      0x6d512 (size before relaxing)
 .debug_str     0x000000000006d238       0xfb Core/Src/stm32f3xx_it.o
                                      0x6cd79 (size before relaxing)
 .debug_str     0x000000000006d333       0x73 Core/Src/system_stm32f3xx.o
                                      0x65203 (size before relaxing)
 .debug_str     0x000000000006d3a6       0x36 Core/Startup/startup_stm32f303k8tx.o
                                         0x70 (size before relaxing)
 .debug_str     0x000000000006d3dc      0x673 Drivers/STM32F3xx_HAL_Driver/Src/stm32f3xx_ll_gpio.o
                                      0x66552 (size before relaxing)
 .debug_str     0x000000000006da4f      0x502 Drivers/STM32F3xx_HAL_Driver/Src/stm32f3xx_ll_rcc.o
                                      0x679a4 (size before relaxing)
 .debug_str     0x000000000006df51      0x8ad Drivers/STM32F3xx_HAL_Driver/Src/stm32f3xx_ll_usart.o
                                      0x694b9 (size before relaxing)
 .debug_str     0x000000000006e7fe      0xcbd Drivers/STM32F3xx_HAL_Driver/Src/stm32f3xx_ll_utils.o
                                      0x6a214 (size before relaxing)

.comment        0x0000000000000000       0x7b
 .comment       0x0000000000000000       0x7b Core/Src/main.o
                                         0x7c (size before relaxing)
 .comment       0x000000000000007b       0x7c Core/Src/stm32f3xx_it.o
 .comment       0x000000000000007b       0x7c Core/Src/system_stm32f3xx.o
 .comment       0x000000000000007b       0x7c Drivers/STM32F3xx_HAL_Driver/Src/stm32f3xx_ll_gpio.o
 .comment       0x000000000000007b       0x7c Drivers/STM32F3xx_HAL_Driver/Src/stm32f3xx_ll_rcc.o
 .comment       0x000000000000007b       0x7c Drivers/STM32F3xx_HAL_Driver/Src/stm32f3xx_ll_usart.o
 .comment       0x000000000000007b       0x7c Drivers/STM32F3xx_HAL_Driver/Src/stm32f3xx_ll_utils.o

.debug_frame    0x0000000000000000     0x12a8
 .debug_frame   0x0000000000000000      0x4a8 Core/Src/main.o
 .debug_frame   0x00000000000004a8      0x1a4 Core/Src/stm32f3xx_it.o
 .debug_frame   0x000000000000064c       0x58 Core/Src/system_stm32f3xx.o
 .debug_frame   0x00000000000006a4      0x1c0 Drivers/STM32F3xx_HAL_Driver/Src/stm32f3xx_ll_gpio.o
 .debug_frame   0x0000000000000864      0x408 Drivers/STM32F3xx_HAL_Driver/Src/stm32f3xx_ll_rcc.o
 .debug_frame   0x0000000000000c6c      0x234 Drivers/STM32F3xx_HAL_Driver/Src/stm32f3xx_ll_usart.o
 .debug_frame   0x0000000000000ea0      0x3dc Drivers/STM32F3xx_HAL_Driver/Src/stm32f3xx_ll_utils.o
 .debug_frame   0x000000000000127c       0x2c c:/st/stm32cubeide_1.3.0/stm32cubeide/plugins/com.st.stm32cube.ide.mcu.externaltools.gnu-tools-for-stm32.7-2018-q2-update.win32_1.4.0.202007081208/tools/bin/../lib/gcc/arm-none-eabi/7.3.1/../../../../arm-none-eabi/lib/thumb/v7e-m/fpv4-sp/hard\libc_nano.a(lib_a-init.o)
