core_cm4.h:1657:22:__NVIC_SetPriorityGrouping	24	static
core_cm4.h:1676:26:__NVIC_GetPriorityGrouping	4	static
core_cm4.h:1688:22:__NVIC_EnableIRQ	16	static
core_cm4.h:1816:22:__NVIC_SetPriority	16	static
core_cm4.h:1863:26:NVIC_EncodePriority	40	static
stm32f3xx_ll_rcc.h:1082:22:LL_RCC_HSI_Enable	4	static
stm32f3xx_ll_rcc.h:1102:26:LL_RCC_HSI_IsReady	4	static
stm32f3xx_ll_rcc.h:1128:22:LL_RCC_HSI_SetCalibTrimming	16	static
stm32f3xx_ll_rcc.h:1286:22:LL_RCC_SetSysClkSource	16	static
stm32f3xx_ll_rcc.h:1299:26:LL_RCC_GetSysClkSource	4	static
stm32f3xx_ll_rcc.h:1319:22:LL_RCC_SetAHBPrescaler	16	static
stm32f3xx_ll_rcc.h:1335:22:LL_RCC_SetAPB1Prescaler	16	static
stm32f3xx_ll_rcc.h:1351:22:LL_RCC_SetAPB2Prescaler	16	static
stm32f3xx_ll_bus.h:287:22:LL_AHB1_GRP1_EnableClock	24	static
stm32f3xx_ll_bus.h:537:22:LL_APB1_GRP1_EnableClock	24	static
stm32f3xx_ll_bus.h:851:22:LL_APB2_GRP1_EnableClock	24	static
stm32f3xx_ll_system.h:1618:22:LL_FLASH_SetLatency	16	static
stm32f3xx_ll_system.h:1631:26:LL_FLASH_GetLatency	4	static
stm32f3xx_ll_usart.h:522:22:LL_USART_Enable	16	static
stm32f3xx_ll_usart.h:2245:22:LL_USART_ConfigAsyncMode	16	static
stm32f3xx_ll_usart.h:2926:22:LL_USART_EnableIT_RXNE	16	static
stm32f3xx_ll_usart.h:2948:22:LL_USART_EnableIT_TXE	16	static
stm32f3xx_ll_usart.h:3180:22:LL_USART_DisableIT_CTS	16	static
stm32f3xx_ll_gpio.h:908:22:LL_GPIO_ResetOutputPin	16	static
main.c:91:5:main	8	static,ignoring_inline_asm
main.c:154:6:SystemClock_Config	8	static
main.c:187:13:MX_USART2_UART_Init	64	static
main.c:243:13:MX_GPIO_Init	32	static
main.c:266:6:inic_100ms_timer	8	static
main.c:286:6:my_strcpy	32	static
main.c:293:6:TIM2_IRQHandler	8	static
main.c:332:6:Error_Handler	4	static
