stm32f3xx_ll_usart.h:3093:22:LL_USART_DisableIT_TXE	16	static
stm32f3xx_ll_gpio.h:879:22:LL_GPIO_SetOutputPin	16	static
stm32f3xx_ll_gpio.h:908:22:LL_GPIO_ResetOutputPin	16	static
stm32f3xx_it.c:86:6:NMI_Handler	4	static
stm32f3xx_it.c:99:6:HardFault_Handler	4	static
stm32f3xx_it.c:114:6:MemManage_Handler	4	static
stm32f3xx_it.c:129:6:BusFault_Handler	4	static
stm32f3xx_it.c:144:6:UsageFault_Handler	4	static
stm32f3xx_it.c:159:6:SVC_Handler	4	static
stm32f3xx_it.c:172:6:DebugMon_Handler	4	static
stm32f3xx_it.c:185:6:PendSV_Handler	4	static
stm32f3xx_it.c:198:6:SysTick_Handler	4	static
stm32f3xx_it.c:219:6:USART2_IRQHandler	8	static
